master: test00, test01, test02
master: test00, test01, test02, test04, test05
master: test00, test01, test02, test03, test05
master: test00, test01, test02, test03, test05
master: 
master: test00, test01, test02
